// Jest Snapshot v1, https://goo.gl/fbAQLP

exports[`Button should match snapshot 1`] = `
<body>
  <div>
    <button
      class="rounded font-semibold shadow-sm bg-seasalt-600 text-black hover:bg-seasalt focus-visible:outline-seasalt-600 px-2.5 py-1.5 text-sm"
      data-headlessui-state=""
      data-testid="button"
      type="button"
    />
  </div>
</body>
`;
